
> fractal-kepler@0.1.0 build
> next build

Γû▓ Next.js 16.1.6 (Turbopack)
- Environments: .env

node.exe : ΓÜá The "middleware" file convention is deprecated. Please use "proxy" instead. 
Learn more: https://nextjs.org/docs/messages/middleware-to-proxy
At line:1 char:1
+ & "C:\Program Files\nodejs/node.exe" "C:\Users\Ankit Singh\AppData\Ro ...
+ ~~~~~~~~~~~~~~~~~~~~~~~~~~~~~~~~~~~~~~~~~~~~~~~~~~~~~~~~~~~~~~~~~~~~~
    + CategoryInfo          : NotSpecified: (ΓÜá The "middle...leware-to-proxy:String) [], R 
   emoteException
    + FullyQualifiedErrorId : NativeCommandError
 
  Creating an optimized production build ...
Γ£ô Compiled successfully in 5.5s
  Running TypeScript ...
  Collecting page data using 5 workers ...
  Generating static pages using 5 workers (0/36) ...
  Generating static pages using 5 workers (9/36) 
The width(-1) and height(-1) of chart should be greater than 0,
       please check the style of container, or the props width(100%) and height(100%),
       or add a minWidth(0) or minHeight(undefined) or use aspect(undefined) to control the
       height and width.
The width(-1) and height(-1) of chart should be greater than 0,
       please check the style of container, or the props width(100%) and height(100%),
       or add a minWidth(0) or minHeight(undefined) or use aspect(undefined) to control the
       height and width.
  Generating static pages using 5 workers (18/36) 
  Generating static pages using 5 workers (27/36) 
Γ£ô Generating static pages using 5 workers (36/36) in 602.1ms
  Finalizing page optimization ...

Route (app)
Γöî Γùï /
Γö£ Γùï /_not-found
Γö£ Γùï /admin
Γö£ Γùï /admin/cutoffs
Γö£ Γùï /admin/cutoffs/create
Γö£ Γùï /admin/cutoffs/predictions
Γö£ Γùï /admin/dashboard
Γö£ Γùï /admin/exams
Γö£ ╞Æ /admin/exams/[id]
Γö£ ╞Æ /admin/exams/[id]/edit
Γö£ Γùï /admin/exams/create
Γö£ Γùï /admin/jobs
Γö£ Γùï /admin/leaderboard
Γö£ Γùï /admin/logs
Γö£ Γùï /admin/reports
Γö£ Γùï /admin/settings
Γö£ Γùï /admin/shifts
Γö£ ╞Æ /admin/shifts/[id]
Γö£ Γùï /admin/shifts/create
Γö£ Γùï /admin/submissions
Γö£ ╞Æ /admin/submissions/[id]
Γö£ ╞Æ /api/admin/auth
Γö£ ╞Æ /api/admin/cutoffs
Γö£ ╞Æ /api/admin/cutoffs/[id]
Γö£ ╞Æ /api/admin/exams
Γö£ ╞Æ /api/admin/exams/[id]
Γö£ ╞Æ /api/admin/exams/[id]/analytics
Γö£ ╞Æ /api/admin/jobs
Γö£ ╞Æ /api/admin/logs
Γö£ ╞Æ /api/admin/reports/generate
Γö£ ╞Æ /api/admin/scheduled-jobs
Γö£ ╞Æ /api/admin/settings
Γö£ ╞Æ /api/admin/shifts
Γö£ ╞Æ /api/admin/shifts/[id]
Γö£ ╞Æ /api/admin/shifts/[id]/recalculate
Γö£ ╞Æ /api/admin/stats
Γö£ ╞Æ /api/admin/submissions
Γö£ ╞Æ /api/admin/submissions/[id]
Γö£ ╞Æ /api/cron
Γö£ ╞Æ /api/exams
Γö£ ╞Æ /api/leaderboard
Γö£ ╞Æ /api/result/[id]
Γö£ ╞Æ /api/submit
Γö£ Γùï /exams
Γö£ Γùï /leaderboard
Γö£ ╞Æ /result/[id]
Γöö Γùï /submit


╞Æ Proxy (Middleware)

Γùï  (Static)   prerendered as static content
╞Æ  (Dynamic)  server-rendered on demand

