tests/unit/admin/submissions-api.test.ts(223,75): error TS2339: Property 'toFixed' does not exist on type 'never'.
