app/admin/(dashboard)/cutoffs/page.tsx(394,41): error TS2322: Type 'number | null | undefined' is not assignable to type 'string | number | readonly string[] | undefined'.
  Type 'null' is not assignable to type 'string | number | readonly string[] | undefined'.
app/leaderboard/page.tsx(157,41): error TS18048: 'data.leaderboard.length' is possibly 'undefined'.
